// Jest Snapshot v1, https://goo.gl/fbAQLP

exports[`EditExpense renders properly 1`] = `
ShallowWrapper {
  "length": 1,
  Symbol(enzyme.__root__): [Circular],
  Symbol(enzyme.__unrendered__): <EditExpense
    amount={999}
    description="Expense 1"
    match={
        Object {
            "params": Object {
              "id": 1,
              "token": "ABCD1234",
            },
          }
    }
    onUpdateAmount={[Function]}
    onUpdateDescription={[Function]}
    onUpdatePaidAt={[Function]}
    paid_at="2017-11-11"
    store={
        Object {
            "clearActions": [Function],
            "dispatch": [Function],
            "getActions": [Function],
            "getState": [Function],
            "replaceReducer": [Function],
            "subscribe": [Function],
          }
    }
    storeSubscription={
        Subscription {
            "listeners": Object {
              "clear": [Function],
              "get": [Function],
              "notify": [Function],
              "subscribe": [Function],
            },
            "onStateChange": [Function],
            "parentSub": undefined,
            "store": Object {
              "clearActions": [Function],
              "dispatch": [Function],
              "getActions": [Function],
              "getState": [Function],
              "replaceReducer": [Function],
              "subscribe": [Function],
            },
            "unsubscribe": [Function],
          }
    }
    token="ABCD1234"
/>,
  Symbol(enzyme.__renderer__): Object {
    "batchedUpdates": [Function],
    "getNode": [Function],
    "render": [Function],
    "simulateEvent": [Function],
    "unmount": [Function],
  },
  Symbol(enzyme.__node__): Object {
    "instance": null,
    "key": undefined,
    "nodeType": "host",
    "props": Object {
      "children": Array [
        <h1>
          Edit expense:
</h1>,
        <div>
          <label>
                    Description:
          </label>
           
          <EditableInput
                    onClickSave={[Function]}
                    value="Expense 1"
          />
</div>,
        <div>
          <label>
                    Amount:
          </label>
           
          <EditableInput
                    onClickSave={[Function]}
                    value={999}
          />
</div>,
        <div>
          <label>
                    Paid at:
          </label>
           
          <EditableInput
                    onClickSave={[Function]}
                    value="2017-11-11"
          />
</div>,
      ],
    },
    "ref": null,
    "rendered": Array [
      Object {
        "instance": null,
        "key": undefined,
        "nodeType": "host",
        "props": Object {
          "children": "Edit expense:",
        },
        "ref": null,
        "rendered": "Edit expense:",
        "type": "h1",
      },
      Object {
        "instance": null,
        "key": undefined,
        "nodeType": "host",
        "props": Object {
          "children": Array [
            <label>
              Description:
</label>,
            " ",
            <EditableInput
              onClickSave={[Function]}
              value="Expense 1"
/>,
          ],
        },
        "ref": null,
        "rendered": Array [
          Object {
            "instance": null,
            "key": undefined,
            "nodeType": "host",
            "props": Object {
              "children": "Description:",
            },
            "ref": null,
            "rendered": "Description:",
            "type": "label",
          },
          " ",
          Object {
            "instance": null,
            "key": undefined,
            "nodeType": "class",
            "props": Object {
              "onClickSave": [Function],
              "value": "Expense 1",
            },
            "ref": null,
            "rendered": null,
            "type": [Function],
          },
        ],
        "type": "div",
      },
      Object {
        "instance": null,
        "key": undefined,
        "nodeType": "host",
        "props": Object {
          "children": Array [
            <label>
              Amount:
</label>,
            " ",
            <EditableInput
              onClickSave={[Function]}
              value={999}
/>,
          ],
        },
        "ref": null,
        "rendered": Array [
          Object {
            "instance": null,
            "key": undefined,
            "nodeType": "host",
            "props": Object {
              "children": "Amount:",
            },
            "ref": null,
            "rendered": "Amount:",
            "type": "label",
          },
          " ",
          Object {
            "instance": null,
            "key": undefined,
            "nodeType": "class",
            "props": Object {
              "onClickSave": [Function],
              "value": 999,
            },
            "ref": null,
            "rendered": null,
            "type": [Function],
          },
        ],
        "type": "div",
      },
      Object {
        "instance": null,
        "key": undefined,
        "nodeType": "host",
        "props": Object {
          "children": Array [
            <label>
              Paid at:
</label>,
            " ",
            <EditableInput
              onClickSave={[Function]}
              value="2017-11-11"
/>,
          ],
        },
        "ref": null,
        "rendered": Array [
          Object {
            "instance": null,
            "key": undefined,
            "nodeType": "host",
            "props": Object {
              "children": "Paid at:",
            },
            "ref": null,
            "rendered": "Paid at:",
            "type": "label",
          },
          " ",
          Object {
            "instance": null,
            "key": undefined,
            "nodeType": "class",
            "props": Object {
              "onClickSave": [Function],
              "value": "2017-11-11",
            },
            "ref": null,
            "rendered": null,
            "type": [Function],
          },
        ],
        "type": "div",
      },
    ],
    "type": "div",
  },
  Symbol(enzyme.__nodes__): Array [
    Object {
      "instance": null,
      "key": undefined,
      "nodeType": "host",
      "props": Object {
        "children": Array [
          <h1>
            Edit expense:
</h1>,
          <div>
            <label>
                        Description:
            </label>
             
            <EditableInput
                        onClickSave={[Function]}
                        value="Expense 1"
            />
</div>,
          <div>
            <label>
                        Amount:
            </label>
             
            <EditableInput
                        onClickSave={[Function]}
                        value={999}
            />
</div>,
          <div>
            <label>
                        Paid at:
            </label>
             
            <EditableInput
                        onClickSave={[Function]}
                        value="2017-11-11"
            />
</div>,
        ],
      },
      "ref": null,
      "rendered": Array [
        Object {
          "instance": null,
          "key": undefined,
          "nodeType": "host",
          "props": Object {
            "children": "Edit expense:",
          },
          "ref": null,
          "rendered": "Edit expense:",
          "type": "h1",
        },
        Object {
          "instance": null,
          "key": undefined,
          "nodeType": "host",
          "props": Object {
            "children": Array [
              <label>
                Description:
</label>,
              " ",
              <EditableInput
                onClickSave={[Function]}
                value="Expense 1"
/>,
            ],
          },
          "ref": null,
          "rendered": Array [
            Object {
              "instance": null,
              "key": undefined,
              "nodeType": "host",
              "props": Object {
                "children": "Description:",
              },
              "ref": null,
              "rendered": "Description:",
              "type": "label",
            },
            " ",
            Object {
              "instance": null,
              "key": undefined,
              "nodeType": "class",
              "props": Object {
                "onClickSave": [Function],
                "value": "Expense 1",
              },
              "ref": null,
              "rendered": null,
              "type": [Function],
            },
          ],
          "type": "div",
        },
        Object {
          "instance": null,
          "key": undefined,
          "nodeType": "host",
          "props": Object {
            "children": Array [
              <label>
                Amount:
</label>,
              " ",
              <EditableInput
                onClickSave={[Function]}
                value={999}
/>,
            ],
          },
          "ref": null,
          "rendered": Array [
            Object {
              "instance": null,
              "key": undefined,
              "nodeType": "host",
              "props": Object {
                "children": "Amount:",
              },
              "ref": null,
              "rendered": "Amount:",
              "type": "label",
            },
            " ",
            Object {
              "instance": null,
              "key": undefined,
              "nodeType": "class",
              "props": Object {
                "onClickSave": [Function],
                "value": 999,
              },
              "ref": null,
              "rendered": null,
              "type": [Function],
            },
          ],
          "type": "div",
        },
        Object {
          "instance": null,
          "key": undefined,
          "nodeType": "host",
          "props": Object {
            "children": Array [
              <label>
                Paid at:
</label>,
              " ",
              <EditableInput
                onClickSave={[Function]}
                value="2017-11-11"
/>,
            ],
          },
          "ref": null,
          "rendered": Array [
            Object {
              "instance": null,
              "key": undefined,
              "nodeType": "host",
              "props": Object {
                "children": "Paid at:",
              },
              "ref": null,
              "rendered": "Paid at:",
              "type": "label",
            },
            " ",
            Object {
              "instance": null,
              "key": undefined,
              "nodeType": "class",
              "props": Object {
                "onClickSave": [Function],
                "value": "2017-11-11",
              },
              "ref": null,
              "rendered": null,
              "type": [Function],
            },
          ],
          "type": "div",
        },
      ],
      "type": "div",
    },
  ],
  Symbol(enzyme.__options__): Object {
    "adapter": ReactSixteenAdapter {
      "options": Object {
        "enableComponentDidUpdateOnSetState": true,
      },
    },
  },
}
`;
