// Jest Snapshot v1, https://goo.gl/fbAQLP

exports[`ManageCalculation renders properly 1`] = `
<div>
  <h1>
    Manage calculation:
  </h1>
  <div>
    <label>
      Name:
    </label>
     
    <EditableInput
      onClickSave={[Function]}
      value="My calculation"
    />
  </div>
  <div>
    <label>
      Description:
    </label>
     
    <EditableInput
      onClickSave={[Function]}
      value="Blabla"
    />
  </div>
  <h2>
    Members
  </h2>
  <MemberForm
    onSubmit={[Function]}
  />
  <Component
    members={
      Object {
        "1": Object {
          "id": 1,
          "name": "A guy",
        },
        "2": Object {
          "id": 2,
          "name": "Another guy",
        },
      }
    }
    onClickDelete={[Function]}
    onUpdateName={[Function]}
  />
</div>
`;
