// Jest Snapshot v1, https://goo.gl/fbAQLP

exports[`APPLICATION handles resetUser 1`] = `
Object {
  "type": "APPLICATION:RESET_USER",
}
`;

exports[`APPLICATION handles setToken 1`] = `
Object {
  "token": "ABCD123",
  "type": "APPLICATION:SET_TOKEN",
}
`;

exports[`APPLICATION handles setUser 1`] = `
Object {
  "type": "APPLICATION:SET_USER",
  "user": Object {
    "name": "Keek",
    "role": "admin",
  },
}
`;
