// Jest Snapshot v1, https://goo.gl/fbAQLP

exports[`renders 1`] = `
<form>
  <label>
    Name:
    <input
      name="name"
      onChange={[Function]}
      value=""
    />
  </label>
  <br />
  <label>
    Description:
    <input
      name="description"
      onChange={[Function]}
      value=""
    />
  </label>
  <br />
  <h2>
    Members
  </h2>
  <p
    key="0"
  >
    <label
      key="0"
    >
      Name:
      <input
        name="member0-name"
        onChange={[Function]}
        value=""
      />
    </label>
    <input
      onClick={[Function]}
      type="button"
      value="Delete"
    />
  </p>
  <input
    className="add-member"
    onClick={[Function]}
    type="button"
    value="Add member"
  />
  <input
    className="submit"
    onClick={[Function]}
    type="button"
    value="Create calculation"
  />
</form>
`;
