// Jest Snapshot v1, https://goo.gl/fbAQLP

exports[`renders 1`] = `
<form>
  <label>
    Calculation Name:
    <input
      name="name"
      onChange={[Function]}
      value=""
    />
  </label>
  <br />
  <label>
    Description:
    <input
      name="description"
      onChange={[Function]}
      value=""
    />
  </label>
  <br />
  <label>
    Your Name:
    <input
      name="member-name"
      onChange={[Function]}
    />
  </label>
  <br />
  <input
    className="submit"
    onClick={[Function]}
    type="button"
    value="Create calculation"
  />
</form>
`;
