// Jest Snapshot v1, https://goo.gl/fbAQLP

exports[`renders 1`] = `
ShallowWrapper {
  "length": 1,
  Symbol(enzyme.__root__): [Circular],
  Symbol(enzyme.__unrendered__): <CalculationForm
    handleSubmit={[Function]}
/>,
  Symbol(enzyme.__renderer__): Object {
    "batchedUpdates": [Function],
    "getNode": [Function],
    "render": [Function],
    "simulateEvent": [Function],
    "unmount": [Function],
  },
  Symbol(enzyme.__node__): Object {
    "instance": null,
    "key": undefined,
    "nodeType": "host",
    "props": Object {
      "children": Array [
        <label>
          Name:
          <input
                    name="name"
                    onChange={[Function]}
                    value=""
          />
</label>,
        <br />,
        <label>
          Description:
          <input
                    name="description"
                    onChange={[Function]}
                    value=""
          />
</label>,
        <br />,
        <h2>
          Members
</h2>,
        Array [
          <p>
            <label>
                        Name:
                        <input
                                    name="member0-name"
                                    onChange={[Function]}
                                    value=""
                        />
            </label>
            <input
                        onClick={[Function]}
                        type="button"
                        value="Delete"
            />
</p>,
        ],
        <input
          className="add-member"
          onClick={[Function]}
          type="button"
          value="Add member"
/>,
        <input
          className="submit"
          onClick={[Function]}
          type="button"
          value="Create calculation"
/>,
      ],
    },
    "ref": null,
    "rendered": Array [
      Object {
        "instance": null,
        "key": undefined,
        "nodeType": "host",
        "props": Object {
          "children": Array [
            "Name:",
            <input
              name="name"
              onChange={[Function]}
              value=""
/>,
          ],
        },
        "ref": null,
        "rendered": Array [
          "Name:",
          Object {
            "instance": null,
            "key": undefined,
            "nodeType": "host",
            "props": Object {
              "name": "name",
              "onChange": [Function],
              "value": "",
            },
            "ref": null,
            "rendered": null,
            "type": "input",
          },
        ],
        "type": "label",
      },
      Object {
        "instance": null,
        "key": undefined,
        "nodeType": "host",
        "props": Object {},
        "ref": null,
        "rendered": null,
        "type": "br",
      },
      Object {
        "instance": null,
        "key": undefined,
        "nodeType": "host",
        "props": Object {
          "children": Array [
            "Description:",
            <input
              name="description"
              onChange={[Function]}
              value=""
/>,
          ],
        },
        "ref": null,
        "rendered": Array [
          "Description:",
          Object {
            "instance": null,
            "key": undefined,
            "nodeType": "host",
            "props": Object {
              "name": "description",
              "onChange": [Function],
              "value": "",
            },
            "ref": null,
            "rendered": null,
            "type": "input",
          },
        ],
        "type": "label",
      },
      Object {
        "instance": null,
        "key": undefined,
        "nodeType": "host",
        "props": Object {},
        "ref": null,
        "rendered": null,
        "type": "br",
      },
      Object {
        "instance": null,
        "key": undefined,
        "nodeType": "host",
        "props": Object {
          "children": "Members",
        },
        "ref": null,
        "rendered": "Members",
        "type": "h2",
      },
      Object {
        "instance": null,
        "key": "0",
        "nodeType": "host",
        "props": Object {
          "children": Array [
            <label>
              Name:
              <input
                            name="member0-name"
                            onChange={[Function]}
                            value=""
              />
</label>,
            <input
              onClick={[Function]}
              type="button"
              value="Delete"
/>,
          ],
        },
        "ref": null,
        "rendered": Array [
          Object {
            "instance": null,
            "key": "0",
            "nodeType": "host",
            "props": Object {
              "children": Array [
                "Name:",
                <input
                  name="member0-name"
                  onChange={[Function]}
                  value=""
/>,
              ],
            },
            "ref": null,
            "rendered": Array [
              "Name:",
              Object {
                "instance": null,
                "key": undefined,
                "nodeType": "host",
                "props": Object {
                  "name": "member0-name",
                  "onChange": [Function],
                  "value": "",
                },
                "ref": null,
                "rendered": null,
                "type": "input",
              },
            ],
            "type": "label",
          },
          Object {
            "instance": null,
            "key": undefined,
            "nodeType": "host",
            "props": Object {
              "onClick": [Function],
              "type": "button",
              "value": "Delete",
            },
            "ref": null,
            "rendered": null,
            "type": "input",
          },
        ],
        "type": "p",
      },
      Object {
        "instance": null,
        "key": undefined,
        "nodeType": "host",
        "props": Object {
          "className": "add-member",
          "onClick": [Function],
          "type": "button",
          "value": "Add member",
        },
        "ref": null,
        "rendered": null,
        "type": "input",
      },
      Object {
        "instance": null,
        "key": undefined,
        "nodeType": "host",
        "props": Object {
          "className": "submit",
          "onClick": [Function],
          "type": "button",
          "value": "Create calculation",
        },
        "ref": null,
        "rendered": null,
        "type": "input",
      },
    ],
    "type": "form",
  },
  Symbol(enzyme.__nodes__): Array [
    Object {
      "instance": null,
      "key": undefined,
      "nodeType": "host",
      "props": Object {
        "children": Array [
          <label>
            Name:
            <input
                        name="name"
                        onChange={[Function]}
                        value=""
            />
</label>,
          <br />,
          <label>
            Description:
            <input
                        name="description"
                        onChange={[Function]}
                        value=""
            />
</label>,
          <br />,
          <h2>
            Members
</h2>,
          Array [
            <p>
              <label>
                            Name:
                            <input
                                          name="member0-name"
                                          onChange={[Function]}
                                          value=""
                            />
              </label>
              <input
                            onClick={[Function]}
                            type="button"
                            value="Delete"
              />
</p>,
          ],
          <input
            className="add-member"
            onClick={[Function]}
            type="button"
            value="Add member"
/>,
          <input
            className="submit"
            onClick={[Function]}
            type="button"
            value="Create calculation"
/>,
        ],
      },
      "ref": null,
      "rendered": Array [
        Object {
          "instance": null,
          "key": undefined,
          "nodeType": "host",
          "props": Object {
            "children": Array [
              "Name:",
              <input
                name="name"
                onChange={[Function]}
                value=""
/>,
            ],
          },
          "ref": null,
          "rendered": Array [
            "Name:",
            Object {
              "instance": null,
              "key": undefined,
              "nodeType": "host",
              "props": Object {
                "name": "name",
                "onChange": [Function],
                "value": "",
              },
              "ref": null,
              "rendered": null,
              "type": "input",
            },
          ],
          "type": "label",
        },
        Object {
          "instance": null,
          "key": undefined,
          "nodeType": "host",
          "props": Object {},
          "ref": null,
          "rendered": null,
          "type": "br",
        },
        Object {
          "instance": null,
          "key": undefined,
          "nodeType": "host",
          "props": Object {
            "children": Array [
              "Description:",
              <input
                name="description"
                onChange={[Function]}
                value=""
/>,
            ],
          },
          "ref": null,
          "rendered": Array [
            "Description:",
            Object {
              "instance": null,
              "key": undefined,
              "nodeType": "host",
              "props": Object {
                "name": "description",
                "onChange": [Function],
                "value": "",
              },
              "ref": null,
              "rendered": null,
              "type": "input",
            },
          ],
          "type": "label",
        },
        Object {
          "instance": null,
          "key": undefined,
          "nodeType": "host",
          "props": Object {},
          "ref": null,
          "rendered": null,
          "type": "br",
        },
        Object {
          "instance": null,
          "key": undefined,
          "nodeType": "host",
          "props": Object {
            "children": "Members",
          },
          "ref": null,
          "rendered": "Members",
          "type": "h2",
        },
        Object {
          "instance": null,
          "key": "0",
          "nodeType": "host",
          "props": Object {
            "children": Array [
              <label>
                Name:
                <input
                                name="member0-name"
                                onChange={[Function]}
                                value=""
                />
</label>,
              <input
                onClick={[Function]}
                type="button"
                value="Delete"
/>,
            ],
          },
          "ref": null,
          "rendered": Array [
            Object {
              "instance": null,
              "key": "0",
              "nodeType": "host",
              "props": Object {
                "children": Array [
                  "Name:",
                  <input
                    name="member0-name"
                    onChange={[Function]}
                    value=""
/>,
                ],
              },
              "ref": null,
              "rendered": Array [
                "Name:",
                Object {
                  "instance": null,
                  "key": undefined,
                  "nodeType": "host",
                  "props": Object {
                    "name": "member0-name",
                    "onChange": [Function],
                    "value": "",
                  },
                  "ref": null,
                  "rendered": null,
                  "type": "input",
                },
              ],
              "type": "label",
            },
            Object {
              "instance": null,
              "key": undefined,
              "nodeType": "host",
              "props": Object {
                "onClick": [Function],
                "type": "button",
                "value": "Delete",
              },
              "ref": null,
              "rendered": null,
              "type": "input",
            },
          ],
          "type": "p",
        },
        Object {
          "instance": null,
          "key": undefined,
          "nodeType": "host",
          "props": Object {
            "className": "add-member",
            "onClick": [Function],
            "type": "button",
            "value": "Add member",
          },
          "ref": null,
          "rendered": null,
          "type": "input",
        },
        Object {
          "instance": null,
          "key": undefined,
          "nodeType": "host",
          "props": Object {
            "className": "submit",
            "onClick": [Function],
            "type": "button",
            "value": "Create calculation",
          },
          "ref": null,
          "rendered": null,
          "type": "input",
        },
      ],
      "type": "form",
    },
  ],
  Symbol(enzyme.__options__): Object {
    "adapter": ReactSixteenAdapter {
      "options": Object {
        "enableComponentDidUpdateOnSetState": true,
      },
    },
  },
}
`;
